Compiling and running tests...
In file included from tests/main.cpp:453:
tests/double_free_analysis_tests.cpp: In function ‘bool test_DoubleFree_TryAnalysis()’:
tests/double_free_analysis_tests.cpp:109:10: warning: variable ‘has_leak’ set but not used [-Wunused-but-set-variable]
  109 |     bool has_leak = false;
      |          ^~~~~~~~
tests/parser_associativity_test.cpp:29:5: warning: multi-line comment [-Wcomment]
   29 |     //             /      \
      |     ^
tests/parser_associativity_test.cpp:31:5: warning: multi-line comment [-Wcomment]
   31 |     //       /      \
      |     ^
tests/parser_associativity_test.cpp:57:5: warning: multi-line comment [-Wcomment]
   57 |     //               /     \
      |     ^
tests/parser_associativity_test.cpp:59:5: warning: multi-line comment [-Wcomment]
   59 |     //          /     \
      |     ^
tests/test_error_handler.cpp: In function ‘bool test_print_error_report()’:
tests/test_error_handler.cpp:33:48: warning: extended initializer lists only available with ‘-std=c++11’ or ‘-std=gnu++11’ [-Wc++11-extensions]
   33 |     eh.report(ERR_TYPE_MISMATCH, SourceLocation{file_id, 1, 15}, "Cannot assign 'string' to 'i32'", "Use an integer literal instead.");
      |                                                ^
tests/test_parser_catch_expr.cpp:71:5: warning: multi-line comment [-Wcomment]
   71 |     //               /      \
      |     ^
tests/test_parser_catch_expr.cpp:73:5: warning: multi-line comment [-Wcomment]
   73 |     //          /     \
      |     ^
tests/test_parser_lifecycle.cpp: In function ‘bool test_Parser_TokenStreamLifetimeIsIndependentOfParserObject()’:
tests/test_parser_lifecycle.cpp:15:17: warning: unused variable ‘parser2’ [-Wunused-variable]
   15 |         Parser* parser2 = ctx.getParser();
      |                 ^~~~~~~
/usr/bin/ld: /tmp/ccmErKq6.o:(.data+0x310): undefined reference to `test_Parser_CompoundAssignment_Simple()'
/usr/bin/ld: /tmp/ccmErKq6.o:(.data+0x318): undefined reference to `test_Parser_CompoundAssignment_AllOperators()'
/usr/bin/ld: /tmp/ccmErKq6.o:(.data+0x320): undefined reference to `test_Parser_CompoundAssignment_RightAssociativity()'
/usr/bin/ld: /tmp/ccmErKq6.o:(.data+0x328): undefined reference to `test_Parser_CompoundAssignment_ComplexRHS()'
/usr/bin/ld: /tmp/ccmErKq6.o:(.data+0x958): undefined reference to `test_TypeChecker_CompoundAssignment_Valid()'
/usr/bin/ld: /tmp/ccmErKq6.o:(.data+0x960): undefined reference to `test_TypeChecker_CompoundAssignment_InvalidLValue()'
/usr/bin/ld: /tmp/ccmErKq6.o:(.data+0x968): undefined reference to `test_TypeChecker_CompoundAssignment_Bitwise()'
/usr/bin/ld: /tmp/ccmErKq6.o:(.data+0x970): undefined reference to `test_TypeChecker_CompoundAssignment_PointerArithmetic()'
/usr/bin/ld: /tmp/ccmErKq6.o:(.data+0x978): undefined reference to `test_TypeChecker_CompoundAssignment_InvalidTypes()'
/usr/bin/ld: /tmp/ccmErKq6.o:(.data+0x980): undefined reference to `test_DoubleFreeAnalyzer_CompoundAssignment()'
collect2: error: ld returned 1 exit status
Compilation failed!
