Compiling and running tests...
tests/test_error_handler.cpp: In function ‘bool test_print_error_report()’:
tests/test_error_handler.cpp:33:48: warning: extended initializer lists only available with ‘-std=c++11’ or ‘-std=gnu++11’ [-Wc++11-extensions]
   33 |     eh.report(ERR_TYPE_MISMATCH, SourceLocation{file_id, 1, 15}, "Cannot assign 'string' to 'i32'", "Use an integer literal instead.");
      |                                                ^
tests/test_parser_lifecycle.cpp: In function ‘bool test_Parser_TokenStreamLifetimeIsIndependentOfParserObject()’:
tests/test_parser_lifecycle.cpp:15:17: warning: unused variable ‘parser2’ [-Wunused-variable]
   15 |         Parser* parser2 = ctx.getParser();
      |                 ^~~~~~~
test_runner: src/include/memory.hpp:158: void DynamicArray<T>::ensure_capacity(size_t) [with T = Token; size_t = long unsigned int]: Assertion `new_data' failed.
test_runner: src/include/memory.hpp:158: void DynamicArray<T>::ensure_capacity(size_t) [with T = Token; size_t = long unsigned int]: Assertion `new_data' failed.
test_runner: src/include/memory.hpp:158: void DynamicArray<T>::ensure_capacity(size_t) [with T = Token; size_t = long unsigned int]: Assertion `new_data' failed.
Fatal type error at test.zig:1:26: Slices are not supported in C89 mode
Fatal type error at test.zig:1:21: Enum member value overflows its backing type.
Fatal type error at test.zig:1:21: Enum member value overflows its backing type.
Fatal type error at test.zig:1:21: Enum member value overflows its backing type.
Fatal type error at test.zig:1:21: Enum member value overflows its backing type.
Fatal type error at test.zig:1:33: Enum member value overflows its backing type.
Fatal type error at test.zig:1:33: Enum member value overflows its backing type.
RUNNING: Parser_AbortOnAllocationFailure
Fatal type error at test.zig:1:17: Slices are not supported in C89 mode
Fatal type error at test.zig:1:32: Array size must be a constant integer literal
Fatal type error at test.zig:3:5: Bootstrap compiler does not support function calls with more than 4 arguments.
Fatal type error at test.zig:3:5: wrong number of arguments to function call, expected 2, got 1
Fatal type error at test.zig:3:16: incompatible argument type for argument 1, expected 'i32', got '*const u8'
RUNNING: Parser_AbortOnAllocationFailure

--- C89 Type Mappings ---
Mapping: Zig TypeKind 0 -> C89 "void"
Mapping: Zig TypeKind 1 -> C89 "int"
Mapping: Zig TypeKind 2 -> C89 "signed char"
Mapping: Zig TypeKind 3 -> C89 "short"
Mapping: Zig TypeKind 4 -> C89 "int"
Mapping: Zig TypeKind 5 -> C89 "__int64"
Mapping: Zig TypeKind 6 -> C89 "unsigned char"
Mapping: Zig TypeKind 7 -> C89 "unsigned short"
Mapping: Zig TypeKind 8 -> C89 "unsigned int"
Mapping: Zig TypeKind 9 -> C89 "unsigned __int64"
Mapping: Zig TypeKind 12 -> C89 "float"
Mapping: Zig TypeKind 13 -> C89 "double"
-------------------------
Passed 275/275 tests
All tests passed!
